BLAKE2b-16 (lorem_ipsum.txt) = 7e2f
BLAKE2b-16 (alice_in_wonderland.txt) = a546
