cksum: invalid length: ‘15’
cksum: length is not a multiple of 8
